starting build "acf34db8-b55f-4bf4-bec3-1892616f56b0"
FETCHSOURCE
From https://github.com/sachindsilvaNIST/NISTAttendanceManagementSystem
 * branch            84aac7e5d0cb3b05c8ddd652b5f7b71ce07cced0 -> FETCH_HEAD
HEAD is now at 84aac7e Fix endpoint /api/dictionary/labels: 500 Internal Server Error
GitCommit:
84aac7e5d0cb3b05c8ddd652b5f7b71ce07cced0
BUILD
Starting Step #0 - "Build"
Already have image (with digest): gcr.io/cloud-builders/docker
Sending build context to Docker daemon  2.981MB
Step 1/20 : FROM mcr.microsoft.com/dotnet/sdk:8.0 AS build
8.0: Pulling from dotnet/sdk
6db0909c4473: Pulling fs layer
8a4bd0e0a35d: Pulling fs layer
4f218a7f69dc: Pulling fs layer
f08927b81ba5: Pulling fs layer
cc471c325bf8: Pulling fs layer
3c6d3c066084: Pulling fs layer
397ec0a74e3c: Pulling fs layer
296c556ba6ac: Pulling fs layer
61a861fa65a9: Pulling fs layer
b277f43e4782: Pulling fs layer
397ec0a74e3c: Waiting
296c556ba6ac: Waiting
61a861fa65a9: Waiting
b277f43e4782: Waiting
4f218a7f69dc: Verifying Checksum
4f218a7f69dc: Download complete
cc471c325bf8: Verifying Checksum
cc471c325bf8: Download complete
3c6d3c066084: Verifying Checksum
3c6d3c066084: Download complete
8a4bd0e0a35d: Verifying Checksum
8a4bd0e0a35d: Download complete
6db0909c4473: Verifying Checksum
6db0909c4473: Download complete
61a861fa65a9: Verifying Checksum
61a861fa65a9: Download complete
f08927b81ba5: Verifying Checksum
f08927b81ba5: Download complete
397ec0a74e3c: Verifying Checksum
397ec0a74e3c: Download complete
b277f43e4782: Verifying Checksum
b277f43e4782: Download complete
6db0909c4473: Pull complete
296c556ba6ac: Verifying Checksum
296c556ba6ac: Download complete
8a4bd0e0a35d: Pull complete
4f218a7f69dc: Pull complete
f08927b81ba5: Pull complete
cc471c325bf8: Pull complete
3c6d3c066084: Pull complete
397ec0a74e3c: Pull complete
296c556ba6ac: Pull complete
61a861fa65a9: Pull complete
b277f43e4782: Pull complete
Digest: sha256:a9330090b730c2abde8f3f43b3d1e24e4b8cba028de7bab1a7fdcd50cb7a3b7e
Status: Downloaded newer image for mcr.microsoft.com/dotnet/sdk:8.0
 ---> ce06009790ce
Step 2/20 : WORKDIR /src
 ---> Running in 41028de6e771
Removing intermediate container 41028de6e771
 ---> faf1f74bcab0
Step 3/20 : RUN apt-get update && apt-get install -y curl &&     curl -fsSL https://deb.nodesource.com/setup_20.x | bash - &&     apt-get install -y nodejs &&     rm -rf /var/lib/apt/lists/*
 ---> Running in 9bfb81f421cc
Get:1 http://deb.debian.org/debian bookworm InRelease [151 kB]
Get:2 http://deb.debian.org/debian bookworm-updates InRelease [55.4 kB]
Get:3 http://deb.debian.org/debian-security bookworm-security InRelease [48.0 kB]
Get:4 http://deb.debian.org/debian bookworm/main amd64 Packages [8792 kB]
Get:5 http://deb.debian.org/debian bookworm-updates/main amd64 Packages [6924 B]
Get:6 http://deb.debian.org/debian-security bookworm-security/main amd64 Packages [294 kB]
Fetched 9347 kB in 2s (5778 kB/s)
Reading package lists...
Reading package lists...
Building dependency tree...
Reading state information...
curl is already the newest version (7.88.1-10+deb12u14).
0 upgraded, 0 newly installed, 0 to remove and 0 not upgraded.
2026-04-03 04:59:24 - Installing pre-requisites
WARNING: apt does not have a stable CLI interface. Use with caution in scripts.
Hit:1 http://deb.debian.org/debian bookworm InRelease
Hit:2 http://deb.debian.org/debian bookworm-updates InRelease
Hit:3 http://deb.debian.org/debian-security bookworm-security InRelease
Reading package lists...
Building dependency tree...
Reading state information...
All packages are up to date.
WARNING: apt does not have a stable CLI interface. Use with caution in scripts.
Reading package lists...
Building dependency tree...
Reading state information...
ca-certificates is already the newest version (20230311+deb12u1).
curl is already the newest version (7.88.1-10+deb12u14).
The following additional packages will be installed:
  dirmngr gnupg-l10n gnupg-utils gpg gpg-agent gpg-wks-client gpg-wks-server
  gpgconf gpgsm libassuan0 libgpm2 libksba8 libncursesw6 libnpth0 libreadline8
  libsqlite3-0 pinentry-curses readline-common
Suggested packages:
  dbus-user-session libpam-systemd pinentry-gnome3 tor parcimonie xloadimage
  scdaemon gpm pinentry-doc readline-doc
The following NEW packages will be installed:
  apt-transport-https dirmngr gnupg gnupg-l10n gnupg-utils gpg gpg-agent
  gpg-wks-client gpg-wks-server gpgconf gpgsm libassuan0 libgpm2 libksba8
  libncursesw6 libnpth0 libreadline8 libsqlite3-0 pinentry-curses
  readline-common
0 upgraded, 20 newly installed, 0 to remove and 0 not upgraded.
Need to get 9132 kB of archives.
After this operation, 18.8 MB of additional disk space will be used.
Get:1 http://deb.debian.org/debian bookworm/main amd64 readline-common all 8.2-1.3 [69.0 kB]
Get:2 http://deb.debian.org/debian bookworm/main amd64 apt-transport-https all 2.6.1 [25.2 kB]
Get:3 http://deb.debian.org/debian bookworm/main amd64 libassuan0 amd64 2.5.5-5 [48.5 kB]
Get:4 http://deb.debian.org/debian bookworm/main amd64 libreadline8 amd64 8.2-1.3 [166 kB]
Get:5 http://deb.debian.org/debian bookworm/main amd64 gpgconf amd64 2.2.40-1.1+deb12u2 [565 kB]
Get:6 http://deb.debian.org/debian bookworm/main amd64 libksba8 amd64 1.6.3-2 [128 kB]
Get:7 http://deb.debian.org/debian bookworm/main amd64 libnpth0 amd64 1.6-3 [19.0 kB]
Get:8 http://deb.debian.org/debian bookworm/main amd64 dirmngr amd64 2.2.40-1.1+deb12u2 [793 kB]
Get:9 http://deb.debian.org/debian bookworm/main amd64 gnupg-l10n all 2.2.40-1.1+deb12u2 [1093 kB]
Get:10 http://deb.debian.org/debian bookworm/main amd64 gnupg-utils amd64 2.2.40-1.1+deb12u2 [927 kB]
Get:11 http://deb.debian.org/debian bookworm/main amd64 libsqlite3-0 amd64 3.40.1-2+deb12u2 [839 kB]
Get:12 http://deb.debian.org/debian bookworm/main amd64 gpg amd64 2.2.40-1.1+deb12u2 [950 kB]
Get:13 http://deb.debian.org/debian bookworm/main amd64 libncursesw6 amd64 6.4-4 [134 kB]
Get:14 http://deb.debian.org/debian bookworm/main amd64 pinentry-curses amd64 1.2.1-1 [77.4 kB]
Get:15 http://deb.debian.org/debian bookworm/main amd64 gpg-agent amd64 2.2.40-1.1+deb12u2 [695 kB]
Get:16 http://deb.debian.org/debian bookworm/main amd64 gpg-wks-client amd64 2.2.40-1.1+deb12u2 [541 kB]
Get:17 http://deb.debian.org/debian bookworm/main amd64 gpg-wks-server amd64 2.2.40-1.1+deb12u2 [531 kB]
Get:18 http://deb.debian.org/debian bookworm/main amd64 gpgsm amd64 2.2.40-1.1+deb12u2 [671 kB]
Get:19 http://deb.debian.org/debian bookworm/main amd64 gnupg all 2.2.40-1.1+deb12u2 [846 kB]
Get:20 http://deb.debian.org/debian bookworm/main amd64 libgpm2 amd64 1.20.7-10+b1 [14.2 kB]
debconf: delaying package configuration, since apt-utils is not installed
Fetched 9132 kB in 0s (59.4 MB/s)
Selecting previously unselected package readline-common.
(Reading database ... (Reading database ... 5%(Reading database ... 10%(Reading database ... 15%(Reading database ... 20%(Reading database ... 25%(Reading database ... 30%(Reading database ... 35%(Reading database ... 40%(Reading database ... 45%(Reading database ... 50%(Reading database ... 55%(Reading database ... 60%(Reading database ... 65%(Reading database ... 70%(Reading database ... 75%(Reading database ... 80%(Reading database ... 85%(Reading database ... 90%(Reading database ... 95%(Reading database ... 100%(Reading database ... 9946 files and directories currently installed.)
Preparing to unpack .../00-readline-common_8.2-1.3_all.deb ...
Unpacking readline-common (8.2-1.3) ...
Selecting previously unselected package apt-transport-https.
Preparing to unpack .../01-apt-transport-https_2.6.1_all.deb ...
Unpacking apt-transport-https (2.6.1) ...
Selecting previously unselected package libassuan0:amd64.
Preparing to unpack .../02-libassuan0_2.5.5-5_amd64.deb ...
Unpacking libassuan0:amd64 (2.5.5-5) ...
Selecting previously unselected package libreadline8:amd64.
Preparing to unpack .../03-libreadline8_8.2-1.3_amd64.deb ...
Unpacking libreadline8:amd64 (8.2-1.3) ...
Selecting previously unselected package gpgconf.
Preparing to unpack .../04-gpgconf_2.2.40-1.1+deb12u2_amd64.deb ...
Unpacking gpgconf (2.2.40-1.1+deb12u2) ...
Selecting previously unselected package libksba8:amd64.
Preparing to unpack .../05-libksba8_1.6.3-2_amd64.deb ...
Unpacking libksba8:amd64 (1.6.3-2) ...
Selecting previously unselected package libnpth0:amd64.
Preparing to unpack .../06-libnpth0_1.6-3_amd64.deb ...
Unpacking libnpth0:amd64 (1.6-3) ...
Selecting previously unselected package dirmngr.
Preparing to unpack .../07-dirmngr_2.2.40-1.1+deb12u2_amd64.deb ...
Unpacking dirmngr (2.2.40-1.1+deb12u2) ...
Selecting previously unselected package gnupg-l10n.
Preparing to unpack .../08-gnupg-l10n_2.2.40-1.1+deb12u2_all.deb ...
Unpacking gnupg-l10n (2.2.40-1.1+deb12u2) ...
Selecting previously unselected package gnupg-utils.
Preparing to unpack .../09-gnupg-utils_2.2.40-1.1+deb12u2_amd64.deb ...
Unpacking gnupg-utils (2.2.40-1.1+deb12u2) ...
Selecting previously unselected package libsqlite3-0:amd64.
Preparing to unpack .../10-libsqlite3-0_3.40.1-2+deb12u2_amd64.deb ...
Unpacking libsqlite3-0:amd64 (3.40.1-2+deb12u2) ...
Selecting previously unselected package gpg.
Preparing to unpack .../11-gpg_2.2.40-1.1+deb12u2_amd64.deb ...
Unpacking gpg (2.2.40-1.1+deb12u2) ...
Selecting previously unselected package libncursesw6:amd64.
Preparing to unpack .../12-libncursesw6_6.4-4_amd64.deb ...
Unpacking libncursesw6:amd64 (6.4-4) ...
Selecting previously unselected package pinentry-curses.
Preparing to unpack .../13-pinentry-curses_1.2.1-1_amd64.deb ...
Unpacking pinentry-curses (1.2.1-1) ...
Selecting previously unselected package gpg-agent.
Preparing to unpack .../14-gpg-agent_2.2.40-1.1+deb12u2_amd64.deb ...
Unpacking gpg-agent (2.2.40-1.1+deb12u2) ...
Selecting previously unselected package gpg-wks-client.
Preparing to unpack .../15-gpg-wks-client_2.2.40-1.1+deb12u2_amd64.deb ...
Unpacking gpg-wks-client (2.2.40-1.1+deb12u2) ...
Selecting previously unselected package gpg-wks-server.
Preparing to unpack .../16-gpg-wks-server_2.2.40-1.1+deb12u2_amd64.deb ...
Unpacking gpg-wks-server (2.2.40-1.1+deb12u2) ...
Selecting previously unselected package gpgsm.
Preparing to unpack .../17-gpgsm_2.2.40-1.1+deb12u2_amd64.deb ...
Unpacking gpgsm (2.2.40-1.1+deb12u2) ...
Selecting previously unselected package gnupg.
Preparing to unpack .../18-gnupg_2.2.40-1.1+deb12u2_all.deb ...
Unpacking gnupg (2.2.40-1.1+deb12u2) ...
Selecting previously unselected package libgpm2:amd64.
Preparing to unpack .../19-libgpm2_1.20.7-10+b1_amd64.deb ...
Unpacking libgpm2:amd64 (1.20.7-10+b1) ...
Setting up libksba8:amd64 (1.6.3-2) ...
Setting up libgpm2:amd64 (1.20.7-10+b1) ...
Setting up apt-transport-https (2.6.1) ...
Setting up libsqlite3-0:amd64 (3.40.1-2+deb12u2) ...
Setting up libnpth0:amd64 (1.6-3) ...
Setting up libassuan0:amd64 (2.5.5-5) ...
Setting up gnupg-l10n (2.2.40-1.1+deb12u2) ...
Setting up libncursesw6:amd64 (6.4-4) ...
Setting up readline-common (8.2-1.3) ...
Setting up pinentry-curses (1.2.1-1) ...
Setting up libreadline8:amd64 (8.2-1.3) ...
Setting up gpgconf (2.2.40-1.1+deb12u2) ...
Setting up gpg (2.2.40-1.1+deb12u2) ...
Setting up gnupg-utils (2.2.40-1.1+deb12u2) ...
Setting up gpg-agent (2.2.40-1.1+deb12u2) ...
Setting up gpgsm (2.2.40-1.1+deb12u2) ...
Setting up dirmngr (2.2.40-1.1+deb12u2) ...
Setting up gpg-wks-server (2.2.40-1.1+deb12u2) ...
Setting up gpg-wks-client (2.2.40-1.1+deb12u2) ...
Setting up gnupg (2.2.40-1.1+deb12u2) ...
Processing triggers for libc-bin (2.36-9+deb12u13) ...
WARNING: apt does not have a stable CLI interface. Use with caution in scripts.
Hit:1 http://deb.debian.org/debian bookworm InRelease
Hit:2 http://deb.debian.org/debian bookworm-updates InRelease
Hit:3 http://deb.debian.org/debian-security bookworm-security InRelease
Get:4 https://deb.nodesource.com/node_20.x nodistro InRelease [12.1 kB]
Get:5 https://deb.nodesource.com/node_20.x nodistro/main amd64 Packages [14.1 kB]
Fetched 26.3 kB in 0s (70.2 kB/s)
Reading package lists...
Building dependency tree...
Reading state information...
All packages are up to date.
2026-04-03 04:59:30 - Repository configured successfully.
2026-04-03 04:59:30 - To install Node.js, run: apt install nodejs -y
2026-04-03 04:59:30 - You can use N|solid Runtime as a node.js alternative
2026-04-03 04:59:30 - To install N|solid Runtime, run: apt install nsolid -y 
Reading package lists...
Building dependency tree...
Reading state information...
The following additional packages will be installed:
  libnsl2 libpython3-stdlib libpython3.11-minimal libpython3.11-stdlib
  libtirpc-common libtirpc3 media-types python3 python3-minimal python3.11
  python3.11-minimal
Suggested packages:
  python3-doc python3-tk python3-venv python3.11-venv python3.11-doc binutils
  binfmt-support
The following NEW packages will be installed:
  libnsl2 libpython3-stdlib libpython3.11-minimal libpython3.11-stdlib
  libtirpc-common libtirpc3 media-types nodejs python3 python3-minimal
  python3.11 python3.11-minimal
0 upgraded, 12 newly installed, 0 to remove and 0 not upgraded.
Need to get 37.7 MB of archives.
After this operation, 219 MB of additional disk space will be used.
Get:1 http://deb.debian.org/debian bookworm/main amd64 libpython3.11-minimal amd64 3.11.2-6+deb12u6 [817 kB]
Get:2 http://deb.debian.org/debian bookworm/main amd64 python3.11-minimal amd64 3.11.2-6+deb12u6 [2064 kB]
Get:3 http://deb.debian.org/debian bookworm/main amd64 python3-minimal amd64 3.11.2-1+b1 [26.3 kB]
Get:4 http://deb.debian.org/debian bookworm/main amd64 media-types all 10.0.0 [26.1 kB]
Get:5 http://deb.debian.org/debian bookworm/main amd64 libtirpc-common all 1.3.3+ds-1 [14.0 kB]
Get:6 http://deb.debian.org/debian bookworm/main amd64 libtirpc3 amd64 1.3.3+ds-1 [85.2 kB]
Get:7 http://deb.debian.org/debian bookworm/main amd64 libnsl2 amd64 1.3.0-2 [39.5 kB]
Get:8 http://deb.debian.org/debian bookworm/main amd64 libpython3.11-stdlib amd64 3.11.2-6+deb12u6 [1798 kB]
Get:9 http://deb.debian.org/debian bookworm/main amd64 python3.11 amd64 3.11.2-6+deb12u6 [573 kB]
Get:10 http://deb.debian.org/debian bookworm/main amd64 libpython3-stdlib amd64 3.11.2-1+b1 [9312 B]
Get:11 http://deb.debian.org/debian bookworm/main amd64 python3 amd64 3.11.2-1+b1 [26.3 kB]
Get:12 https://deb.nodesource.com/node_20.x nodistro/main amd64 nodejs amd64 20.20.2-1nodesource1 [32.2 MB]
debconf: delaying package configuration, since apt-utils is not installed
Fetched 37.7 MB in 1s (65.7 MB/s)
Selecting previously unselected package libpython3.11-minimal:amd64.
(Reading database ... (Reading database ... 5%(Reading database ... 10%(Reading database ... 15%(Reading database ... 20%(Reading database ... 25%(Reading database ... 30%(Reading database ... 35%(Reading database ... 40%(Reading database ... 45%(Reading database ... 50%(Reading database ... 55%(Reading database ... 60%(Reading database ... 65%(Reading database ... 70%(Reading database ... 75%(Reading database ... 80%(Reading database ... 85%(Reading database ... 90%(Reading database ... 95%(Reading database ... 100%(Reading database ... 10254 files and directories currently installed.)
Preparing to unpack .../libpython3.11-minimal_3.11.2-6+deb12u6_amd64.deb ...
Unpacking libpython3.11-minimal:amd64 (3.11.2-6+deb12u6) ...
Selecting previously unselected package python3.11-minimal.
Preparing to unpack .../python3.11-minimal_3.11.2-6+deb12u6_amd64.deb ...
Unpacking python3.11-minimal (3.11.2-6+deb12u6) ...
Setting up libpython3.11-minimal:amd64 (3.11.2-6+deb12u6) ...
Setting up python3.11-minimal (3.11.2-6+deb12u6) ...
Selecting previously unselected package python3-minimal.
(Reading database ... (Reading database ... 5%(Reading database ... 10%(Reading database ... 15%(Reading database ... 20%(Reading database ... 25%(Reading database ... 30%(Reading database ... 35%(Reading database ... 40%(Reading database ... 45%(Reading database ... 50%(Reading database ... 55%(Reading database ... 60%(Reading database ... 65%(Reading database ... 70%(Reading database ... 75%(Reading database ... 80%(Reading database ... 85%(Reading database ... 90%(Reading database ... 95%(Reading database ... 100%(Reading database ... 10561 files and directories currently installed.)
Preparing to unpack .../0-python3-minimal_3.11.2-1+b1_amd64.deb ...
Unpacking python3-minimal (3.11.2-1+b1) ...
Selecting previously unselected package media-types.
Preparing to unpack .../1-media-types_10.0.0_all.deb ...
Unpacking media-types (10.0.0) ...
Selecting previously unselected package libtirpc-common.
Preparing to unpack .../2-libtirpc-common_1.3.3+ds-1_all.deb ...
Unpacking libtirpc-common (1.3.3+ds-1) ...
Selecting previously unselected package libtirpc3:amd64.
Preparing to unpack .../3-libtirpc3_1.3.3+ds-1_amd64.deb ...
Unpacking libtirpc3:amd64 (1.3.3+ds-1) ...
Selecting previously unselected package libnsl2:amd64.
Preparing to unpack .../4-libnsl2_1.3.0-2_amd64.deb ...
Unpacking libnsl2:amd64 (1.3.0-2) ...
Selecting previously unselected package libpython3.11-stdlib:amd64.
Preparing to unpack .../5-libpython3.11-stdlib_3.11.2-6+deb12u6_amd64.deb ...
Unpacking libpython3.11-stdlib:amd64 (3.11.2-6+deb12u6) ...
Selecting previously unselected package python3.11.
Preparing to unpack .../6-python3.11_3.11.2-6+deb12u6_amd64.deb ...
Unpacking python3.11 (3.11.2-6+deb12u6) ...
Selecting previously unselected package libpython3-stdlib:amd64.
Preparing to unpack .../7-libpython3-stdlib_3.11.2-1+b1_amd64.deb ...
Unpacking libpython3-stdlib:amd64 (3.11.2-1+b1) ...
Setting up python3-minimal (3.11.2-1+b1) ...
Selecting previously unselected package python3.
(Reading database ... (Reading database ... 5%(Reading database ... 10%(Reading database ... 15%(Reading database ... 20%(Reading database ... 25%(Reading database ... 30%(Reading database ... 35%(Reading database ... 40%(Reading database ... 45%(Reading database ... 50%(Reading database ... 55%(Reading database ... 60%(Reading database ... 65%(Reading database ... 70%(Reading database ... 75%(Reading database ... 80%(Reading database ... 85%(Reading database ... 90%(Reading database ... 95%(Reading database ... 100%(Reading database ... 10991 files and directories currently installed.)
Preparing to unpack .../python3_3.11.2-1+b1_amd64.deb ...
Unpacking python3 (3.11.2-1+b1) ...
Selecting previously unselected package nodejs.
Preparing to unpack .../nodejs_20.20.2-1nodesource1_amd64.deb ...
Unpacking nodejs (20.20.2-1nodesource1) ...
Setting up media-types (10.0.0) ...
Setting up libtirpc-common (1.3.3+ds-1) ...
Setting up libtirpc3:amd64 (1.3.3+ds-1) ...
Setting up libnsl2:amd64 (1.3.0-2) ...
Setting up libpython3.11-stdlib:amd64 (3.11.2-6+deb12u6) ...
Setting up libpython3-stdlib:amd64 (3.11.2-1+b1) ...
Setting up python3.11 (3.11.2-6+deb12u6) ...
Setting up python3 (3.11.2-1+b1) ...
running python rtupdate hooks for python3.11...
running python post-rtupdate hooks for python3.11...
Setting up nodejs (20.20.2-1nodesource1) ...
Processing triggers for libc-bin (2.36-9+deb12u13) ...
Removing intermediate container 9bfb81f421cc
 ---> 9d9ff8d3151c
Step 4/20 : COPY NistAttendance.Shared/NistAttendance.Shared.csproj NistAttendance.Shared/
 ---> afd8968029cd
Step 5/20 : COPY NistAttendance.Api/NistAttendance.Api.csproj NistAttendance.Api/
 ---> c8f127d3c7a4
Step 6/20 : COPY NistAttendance.Web/NistAttendance.Web.csproj NistAttendance.Web/
 ---> 44d345320e6a
Step 7/20 : COPY NistAttendance.Web/package.json NistAttendance.Web/package-lock.json* NistAttendance.Web/
 ---> c82359aaf309
Step 8/20 : RUN cd NistAttendance.Web && npm install
 ---> Running in 3a53b2d0da51
added 30 packages, and audited 31 packages in 2s
8 packages are looking for funding
  run `npm fund` for details
found 0 vulnerabilities
npm notice
npm notice New major version of npm available! 10.8.2 -> 11.12.1
npm notice Changelog: https://github.com/npm/cli/releases/tag/v11.12.1
npm notice To update run: npm install -g npm@11.12.1
npm notice
Removing intermediate container 3a53b2d0da51
 ---> 519ec5fefabd
Step 9/20 : RUN dotnet restore NistAttendance.Api/NistAttendance.Api.csproj
 ---> Running in 97a423fb8bc3
  Determining projects to restore...
  Restored /src/NistAttendance.Web/NistAttendance.Web.csproj (in 7.42 sec).
  Restored /src/NistAttendance.Shared/NistAttendance.Shared.csproj (in 4 ms).
  Restored /src/NistAttendance.Api/NistAttendance.Api.csproj (in 13.94 sec).
Removing intermediate container 97a423fb8bc3
 ---> 7f1038e51009
Step 10/20 : COPY NistAttendance.Shared/ NistAttendance.Shared/
 ---> 4cf213c77dba
Step 11/20 : COPY NistAttendance.Api/ NistAttendance.Api/
 ---> e02e7ffd2020
Step 12/20 : COPY NistAttendance.Web/ NistAttendance.Web/
 ---> 8f86e49515df
Step 13/20 : RUN dotnet publish NistAttendance.Api/NistAttendance.Api.csproj     -c Release -o /app/api
 ---> Running in d3d643b2309d
  Determining projects to restore...
  All projects are up-to-date for restore.
  NistAttendance.Shared -> /src/NistAttendance.Shared/bin/Release/net8.0/NistAttendance.Shared.dll
  NistAttendance.Web -> /src/NistAttendance.Web/bin/Release/net8.0/NistAttendance.Web.dll
  NistAttendance.Web (Blazor output) -> /src/NistAttendance.Web/bin/Release/net8.0/wwwroot
  
  up to date, audited 31 packages in 1s
  
  8 packages are looking for funding
    run `npm fund` for details
  
  found 0 vulnerabilities
  
  > css:build
  > npx @tailwindcss/cli -i ./Styles/app.css -o ./wwwroot/css/app.css --minify
  
  ≈ tailwindcss v4.2.2
  
  Done in 543ms
  NistAttendance.Api -> /src/NistAttendance.Api/bin/Release/net8.0/NistAttendance.Api.dll
  Optimizing assemblies for size may change the behavior of the app. Be sure to test after publishing. See: https://aka.ms/dotnet-illink
  Optimizing assemblies for size. This process might take a while.
  NistAttendance.Api -> /app/api/
Removing intermediate container d3d643b2309d
 ---> 626d8a76237d
Step 14/20 : FROM mcr.microsoft.com/dotnet/aspnet:8.0 AS runtime
8.0: Pulling from dotnet/aspnet
6db0909c4473: Already exists
8a4bd0e0a35d: Already exists
4f218a7f69dc: Already exists
f08927b81ba5: Already exists
cc471c325bf8: Already exists
3c6d3c066084: Already exists
Digest: sha256:d4d80bf500f4c8307e5c44bf61eb58aec027da07c4d1c40816846fe5eef3f34d
Status: Downloaded newer image for mcr.microsoft.com/dotnet/aspnet:8.0
 ---> 554e179c9648
Step 15/20 : WORKDIR /app
 ---> Running in a35f9a9f4ca3
Removing intermediate container a35f9a9f4ca3
 ---> 4c276ca05cca
Step 16/20 : COPY --from=build /app/api .
 ---> 6c7f0eb3cccc
Step 17/20 : ENV ASPNETCORE_URLS=http://+:${PORT:-10000}
 ---> Running in bdafc0853d9b
Removing intermediate container bdafc0853d9b
 ---> b8d3c2bf0000
Step 18/20 : ENV ASPNETCORE_ENVIRONMENT=Production
 ---> Running in bd4794e7ef92
Removing intermediate container bd4794e7ef92
 ---> 0a27ef9a70ae
Step 19/20 : EXPOSE 10000
 ---> Running in 5a7969a55c81
Removing intermediate container 5a7969a55c81
 ---> 83efb559a647
Step 20/20 : ENTRYPOINT ["dotnet", "NistAttendance.Api.dll"]
 ---> Running in 22a3340a3cfe
Removing intermediate container 22a3340a3cfe
 ---> 75fd8c6a292b
Successfully built 75fd8c6a292b
Successfully tagged asia-northeast1-docker.pkg.dev/nist-attendance-492007/cloud-run-source-deploy/nistattendancemanagementsystem/nistattendancemanagementsystem:84aac7e5d0cb3b05c8ddd652b5f7b71ce07cced0
Finished Step #0 - "Build"
Starting Step #1 - "Push"
Already have image (with digest): gcr.io/cloud-builders/docker
The push refers to repository [asia-northeast1-docker.pkg.dev/nist-attendance-492007/cloud-run-source-deploy/nistattendancemanagementsystem/nistattendancemanagementsystem]
da3f974762d4: Preparing
79e52e14fadf: Preparing
5595a2e3b311: Preparing
758b4d31f77e: Preparing
9189d91b51c7: Preparing
2ec4e7571de3: Preparing
aa15fc47c63e: Preparing
6143ee9e3de0: Preparing
5595a2e3b311: Layer already exists
2ec4e7571de3: Layer already exists
aa15fc47c63e: Layer already exists
758b4d31f77e: Layer already exists
9189d91b51c7: Layer already exists
79e52e14fadf: Pushed
da3f974762d4: Pushed
6143ee9e3de0: Pushed
84aac7e5d0cb3b05c8ddd652b5f7b71ce07cced0: digest: sha256:c7f4f9ae237822d2479928bebea2622a347d9d8e920bd203a07de93aca6b317b size: 1999
Finished Step #1 - "Push"
Starting Step #2 - "Deploy"
Pulling image: gcr.io/google.com/cloudsdktool/cloud-sdk:slim
slim: Pulling from google.com/cloudsdktool/cloud-sdk
9d2f29087bcd: Already exists
9a3989f83f88: Pulling fs layer
efa6e181a280: Pulling fs layer
29987e94ac22: Pulling fs layer
9a3989f83f88: Verifying Checksum
9a3989f83f88: Download complete
29987e94ac22: Download complete
9a3989f83f88: Pull complete
efa6e181a280: Verifying Checksum
efa6e181a280: Download complete
efa6e181a280: Pull complete
29987e94ac22: Pull complete
Digest: sha256:bc12b41388a0dc1bdc7ed0e051d50a2f15c7e8479914bc1c21f913aa3f6d7cf7
Status: Downloaded newer image for gcr.io/google.com/cloudsdktool/cloud-sdk:slim
gcr.io/google.com/cloudsdktool/cloud-sdk:slim
Deploying...
Creating Revision..........................................................................................................................................................................................................................................................................................................................................................................................................................................................................................................................................................................................................................................................................................................................................................................................................................................................................................................................................................................................................................................................................................................................................................................................................................failed
Deployment failed
ERROR: (gcloud.run.services.update) The user-provided container failed to start and listen on the port defined provided by the PORT=10000 environment variable within the allocated timeout. This can happen when the container port is misconfigured or if the timeout is too short. The health check timeout can be extended. Logs for this revision might contain more information.
Logs URL: https://console.cloud.google.com/logs/viewer?project=nist-attendance-492007&resource=cloud_run_revision/service_name/nistattendancemanagementsystem/revision_name/nistattendancemanagementsystem-00015-ttv&advancedFilter=resource.type%3D%22cloud_run_revision%22%0Aresource.labels.service_name%3D%22nistattendancemanagementsystem%22%0Aresource.labels.revision_name%3D%22nistattendancemanagementsystem-00015-ttv%22 
For more troubleshooting guidance, see https://cloud.google.com/run/docs/troubleshooting#container-failed-to-start
Finished Step #2 - "Deploy"
ERROR
ERROR: build step 2 "gcr.io/google.com/cloudsdktool/cloud-sdk:slim" failed: step exited with non-zero status: 1

